mode: set
github.com/bgguna/photography/internal/config/config.go:19.30,29.32 2 1
github.com/bgguna/photography/internal/config/config.go:29.32,31.3 1 1
github.com/bgguna/photography/internal/config/config.go:33.2,33.57 1 1
github.com/bgguna/photography/internal/config/config.go:33.57,35.3 1 1
github.com/bgguna/photography/internal/config/config.go:37.2,37.17 1 1
github.com/bgguna/photography/internal/config/config.go:41.44,42.38 1 1
github.com/bgguna/photography/internal/config/config.go:42.38,44.3 1 1
github.com/bgguna/photography/internal/config/config.go:45.2,45.19 1 1
github.com/bgguna/photography/internal/db/db.go:11.41,13.16 2 0
github.com/bgguna/photography/internal/db/db.go:13.16,15.3 1 0
github.com/bgguna/photography/internal/db/db.go:16.2,16.63 1 0
github.com/bgguna/photography/internal/db/db.go:16.63,18.3 1 0
github.com/bgguna/photography/internal/db/db.go:19.2,19.16 1 0
github.com/bgguna/photography/internal/db/db.go:27.34,29.2 1 0
github.com/bgguna/photography/cmd/createadmin/main.go:15.13,25.37 6 0
github.com/bgguna/photography/cmd/createadmin/main.go:25.37,30.3 4 0
github.com/bgguna/photography/cmd/createadmin/main.go:33.2,34.16 2 0
github.com/bgguna/photography/cmd/createadmin/main.go:34.16,36.3 1 0
github.com/bgguna/photography/cmd/createadmin/main.go:37.2,49.49 3 0
github.com/bgguna/photography/cmd/createadmin/main.go:49.49,51.3 1 0
github.com/bgguna/photography/cmd/createadmin/main.go:54.2,58.16 3 0
github.com/bgguna/photography/cmd/createadmin/main.go:58.16,60.3 1 0
github.com/bgguna/photography/cmd/createadmin/main.go:62.2,65.33 4 0
github.com/bgguna/photography/contact/contact.go:22.46,23.30 1 0
github.com/bgguna/photography/contact/contact.go:23.30,27.17 2 0
github.com/bgguna/photography/contact/contact.go:27.17,31.4 3 0
github.com/bgguna/photography/contact/contact.go:32.3,35.19 3 0
github.com/bgguna/photography/contact/contact.go:35.19,37.111 2 0
github.com/bgguna/photography/contact/contact.go:37.111,41.5 3 0
github.com/bgguna/photography/contact/contact.go:42.4,42.36 1 0
github.com/bgguna/photography/contact/contact.go:45.3,46.34 2 0
github.com/bgguna/photography/contact/contact.go:51.47,52.30 1 0
github.com/bgguna/photography/contact/contact.go:52.30,54.48 2 0
github.com/bgguna/photography/contact/contact.go:54.48,58.4 3 0
github.com/bgguna/photography/contact/contact.go:60.3,65.17 3 0
github.com/bgguna/photography/contact/contact.go:65.17,69.4 3 0
github.com/bgguna/photography/contact/contact.go:71.3,72.52 2 0
github.com/bgguna/photography/main.go:23.13,32.2 4 1
github.com/bgguna/photography/main.go:35.30,37.23 2 1
github.com/bgguna/photography/main.go:37.23,39.3 1 1
github.com/bgguna/photography/main.go:40.2,40.20 1 1
github.com/bgguna/photography/main.go:44.43,45.60 1 1
github.com/bgguna/photography/main.go:45.60,47.3 1 1
github.com/bgguna/photography/main.go:50.13,53.16 2 0
github.com/bgguna/photography/main.go:53.16,55.3 1 0
github.com/bgguna/photography/main.go:58.2,58.64 1 0
github.com/bgguna/photography/main.go:58.64,60.3 1 0
github.com/bgguna/photography/main.go:63.2,64.16 2 0
github.com/bgguna/photography/main.go:64.16,66.3 1 0
github.com/bgguna/photography/main.go:67.2,79.12 4 0
github.com/bgguna/photography/main.go:79.12,81.80 2 0
github.com/bgguna/photography/main.go:81.80,83.4 1 0
github.com/bgguna/photography/main.go:87.2,97.45 7 0
github.com/bgguna/photography/main.go:97.45,99.3 1 0
github.com/bgguna/photography/main.go:101.2,101.34 1 0
github.com/bgguna/photography/main.go:105.43,106.16 1 1
github.com/bgguna/photography/main.go:106.16,108.3 1 1
github.com/bgguna/photography/main.go:110.2,111.16 2 1
github.com/bgguna/photography/main.go:111.16,113.3 1 1
github.com/bgguna/photography/main.go:115.2,115.19 1 1
github.com/bgguna/photography/main.go:115.19,117.3 1 1
github.com/bgguna/photography/main.go:120.2,121.69 2 1
github.com/bgguna/photography/main.go:121.69,123.3 1 1
github.com/bgguna/photography/main.go:124.2,126.12 2 1
github.com/bgguna/photography/main.go:130.48,144.46 8 1
github.com/bgguna/photography/main.go:144.46,146.3 1 1
github.com/bgguna/photography/main.go:149.2,149.39 1 1
github.com/bgguna/photography/main.go:149.39,151.3 1 1
github.com/bgguna/photography/main.go:153.2,153.55 1 1
github.com/bgguna/photography/main.go:153.55,155.3 1 1
github.com/bgguna/photography/main.go:157.2,157.53 1 1
github.com/bgguna/photography/main.go:157.53,159.3 1 1
github.com/bgguna/photography/main.go:161.2,161.46 1 1
github.com/bgguna/photography/main.go:161.46,163.3 1 1
github.com/bgguna/photography/main.go:165.2,165.47 1 1
github.com/bgguna/photography/main.go:165.47,167.3 1 1
github.com/bgguna/photography/main.go:170.2,171.2 2 1
github.com/bgguna/photography/main.go:171.2,173.44 1 1
github.com/bgguna/photography/main.go:173.44,175.4 1 1
github.com/bgguna/photography/main.go:177.3,177.45 1 1
github.com/bgguna/photography/main.go:177.45,180.56 2 1
github.com/bgguna/photography/main.go:180.56,185.5 2 0
github.com/bgguna/photography/main.go:188.4,191.37 3 1
github.com/bgguna/photography/main.go:191.37,196.5 2 1
github.com/bgguna/photography/main.go:199.4,200.18 2 0
github.com/bgguna/photography/main.go:200.18,205.5 2 0
github.com/bgguna/photography/main.go:208.4,209.42 2 0
github.com/bgguna/photography/main.go:213.3,215.3 3 1
github.com/bgguna/photography/main.go:215.3,216.51 1 1
github.com/bgguna/photography/main.go:216.51,219.19 2 0
github.com/bgguna/photography/main.go:219.19,221.6 1 0
github.com/bgguna/photography/main.go:222.5,223.49 2 0
github.com/bgguna/photography/main.go:226.4,226.43 1 1
github.com/bgguna/photography/main.go:226.43,232.5 2 0
github.com/bgguna/photography/main.go:234.4,234.50 1 1
github.com/bgguna/photography/main.go:234.50,236.5 1 0
github.com/bgguna/photography/main.go:238.4,238.51 1 1
github.com/bgguna/photography/main.go:238.51,240.5 1 0
github.com/bgguna/photography/main.go:242.4,242.60 1 1
github.com/bgguna/photography/main.go:242.60,244.5 1 0
github.com/bgguna/photography/main.go:246.4,246.58 1 1
github.com/bgguna/photography/main.go:246.58,248.5 1 0
github.com/bgguna/photography/main.go:250.4,250.63 1 1
github.com/bgguna/photography/main.go:250.63,252.5 1 0
github.com/bgguna/photography/main.go:254.4,254.62 1 1
github.com/bgguna/photography/main.go:254.62,256.5 1 0
github.com/bgguna/photography/main.go:258.4,258.66 1 1
github.com/bgguna/photography/main.go:258.66,260.5 1 0
github.com/bgguna/photography/main.go:262.4,262.52 1 1
github.com/bgguna/photography/main.go:262.52,264.5 1 0
github.com/bgguna/photography/main.go:268.2,268.15 1 1
github.com/bgguna/photography/main.go:272.42,273.30 1 1
github.com/bgguna/photography/main.go:273.30,285.3 4 1
github.com/bgguna/photography/internal/auth/auth.go:35.46,37.2 1 1
github.com/bgguna/photography/internal/auth/auth.go:40.52,42.16 2 1
github.com/bgguna/photography/internal/auth/auth.go:42.16,44.3 1 0
github.com/bgguna/photography/internal/auth/auth.go:45.2,45.26 1 1
github.com/bgguna/photography/internal/auth/auth.go:49.49,52.2 2 1
github.com/bgguna/photography/internal/auth/auth.go:55.103,58.16 2 1
github.com/bgguna/photography/internal/auth/auth.go:58.16,60.3 1 1
github.com/bgguna/photography/internal/auth/auth.go:63.2,63.50 1 1
github.com/bgguna/photography/internal/auth/auth.go:63.50,65.3 1 1
github.com/bgguna/photography/internal/auth/auth.go:68.2,69.16 2 1
github.com/bgguna/photography/internal/auth/auth.go:69.16,71.3 1 0
github.com/bgguna/photography/internal/auth/auth.go:74.2,81.50 3 1
github.com/bgguna/photography/internal/auth/auth.go:81.50,83.3 1 0
github.com/bgguna/photography/internal/auth/auth.go:86.2,88.21 2 1
github.com/bgguna/photography/internal/auth/auth.go:92.71,101.26 4 1
github.com/bgguna/photography/internal/auth/auth.go:101.26,103.3 1 1
github.com/bgguna/photography/internal/auth/auth.go:104.2,104.16 1 1
github.com/bgguna/photography/internal/auth/auth.go:104.16,106.3 1 0
github.com/bgguna/photography/internal/auth/auth.go:109.2,110.16 2 1
github.com/bgguna/photography/internal/auth/auth.go:110.16,112.3 1 0
github.com/bgguna/photography/internal/auth/auth.go:113.2,116.41 2 1
github.com/bgguna/photography/internal/auth/auth.go:116.41,119.3 2 1
github.com/bgguna/photography/internal/auth/auth.go:121.2,121.22 1 1
github.com/bgguna/photography/internal/auth/auth.go:125.59,132.26 3 1
github.com/bgguna/photography/internal/auth/auth.go:132.26,134.3 1 1
github.com/bgguna/photography/internal/auth/auth.go:135.2,135.16 1 1
github.com/bgguna/photography/internal/auth/auth.go:135.16,137.3 1 0
github.com/bgguna/photography/internal/auth/auth.go:139.2,139.19 1 1
github.com/bgguna/photography/internal/auth/auth.go:143.55,145.2 1 1
github.com/bgguna/photography/internal/auth/auth.go:148.80,150.16 2 1
github.com/bgguna/photography/internal/auth/auth.go:150.16,152.3 1 0
github.com/bgguna/photography/internal/auth/auth.go:154.2,158.16 2 1
github.com/bgguna/photography/internal/auth/auth.go:158.16,160.3 1 1
github.com/bgguna/photography/internal/auth/auth.go:162.2,163.16 2 1
github.com/bgguna/photography/internal/auth/auth.go:163.16,165.3 1 0
github.com/bgguna/photography/internal/auth/auth.go:167.2,171.8 1 1
github.com/bgguna/photography/internal/auth/auth.go:178.11,189.26 3 1
github.com/bgguna/photography/internal/auth/auth.go:189.26,191.3 1 1
github.com/bgguna/photography/internal/auth/auth.go:192.2,192.16 1 1
github.com/bgguna/photography/internal/auth/auth.go:192.16,194.3 1 0
github.com/bgguna/photography/internal/auth/auth.go:196.2,196.19 1 1
github.com/bgguna/photography/internal/auth/auth.go:200.62,206.16 3 1
github.com/bgguna/photography/internal/auth/auth.go:206.16,208.3 1 0
github.com/bgguna/photography/internal/auth/auth.go:209.2,209.12 1 1
github.com/bgguna/photography/internal/auth/auth.go:213.62,215.16 2 1
github.com/bgguna/photography/internal/auth/auth.go:215.16,217.3 1 0
github.com/bgguna/photography/internal/auth/auth.go:218.2,218.12 1 1
github.com/bgguna/photography/internal/auth/auth.go:222.48,224.16 2 1
github.com/bgguna/photography/internal/auth/auth.go:224.16,226.3 1 0
github.com/bgguna/photography/internal/auth/auth.go:227.2,227.12 1 1
github.com/bgguna/photography/internal/auth/auth.go:231.42,234.16 3 1
github.com/bgguna/photography/internal/auth/auth.go:234.16,236.3 1 0
github.com/bgguna/photography/internal/auth/auth.go:237.2,237.35 1 1
github.com/bgguna/photography/internal/auth/auth.go:252.36,256.2 1 1
github.com/bgguna/photography/internal/auth/auth.go:260.85,266.16 4 1
github.com/bgguna/photography/internal/auth/auth.go:266.16,268.3 1 1
github.com/bgguna/photography/internal/auth/auth.go:270.2,273.52 3 1
github.com/bgguna/photography/internal/auth/auth.go:273.52,280.3 2 1
github.com/bgguna/photography/internal/auth/auth.go:282.2,282.23 1 1
github.com/bgguna/photography/internal/auth/auth.go:282.23,285.3 2 1
github.com/bgguna/photography/internal/auth/auth.go:287.2,287.14 1 1
github.com/bgguna/photography/internal/auth/auth.go:291.54,296.37 4 1
github.com/bgguna/photography/internal/auth/auth.go:296.37,297.42 1 1
github.com/bgguna/photography/internal/auth/auth.go:297.42,299.4 1 1
github.com/bgguna/photography/internal/auth/middleware.go:15.54,16.30 1 1
github.com/bgguna/photography/internal/auth/middleware.go:16.30,19.17 2 1
github.com/bgguna/photography/internal/auth/middleware.go:19.17,22.4 2 1
github.com/bgguna/photography/internal/auth/middleware.go:25.3,26.17 2 1
github.com/bgguna/photography/internal/auth/middleware.go:26.17,29.4 2 1
github.com/bgguna/photography/internal/auth/middleware.go:32.3,33.17 2 1
github.com/bgguna/photography/internal/auth/middleware.go:33.17,36.4 2 0
github.com/bgguna/photography/internal/auth/middleware.go:39.3,40.11 2 1
github.com/bgguna/photography/internal/auth/middleware.go:45.47,47.13 2 1
github.com/bgguna/photography/internal/auth/middleware.go:47.13,49.3 1 1
github.com/bgguna/photography/internal/auth/middleware.go:50.2,50.31 1 1
github.com/bgguna/photography/internal/auth/middleware.go:50.31,52.3 1 1
github.com/bgguna/photography/internal/auth/middleware.go:53.2,53.12 1 1
github.com/bgguna/photography/internal/auth/middleware.go:58.45,60.41 1 1
github.com/bgguna/photography/internal/auth/middleware.go:60.41,65.3 2 1
github.com/bgguna/photography/internal/auth/middleware.go:68.2,69.11 2 1
github.com/bgguna/photography/internal/auth/middleware.go:73.70,84.2 2 1
github.com/bgguna/photography/internal/auth/middleware.go:87.41,97.2 1 1
