mode: set
github.com/bgguna/photography/main.go:22.13,31.2 4 1
github.com/bgguna/photography/main.go:34.30,36.23 2 1
github.com/bgguna/photography/main.go:36.23,38.3 1 1
github.com/bgguna/photography/main.go:39.2,39.20 1 1
github.com/bgguna/photography/main.go:43.43,44.60 1 1
github.com/bgguna/photography/main.go:44.60,46.3 1 1
github.com/bgguna/photography/main.go:49.13,51.2 1 0
github.com/bgguna/photography/main.go:54.20,57.16 2 0
github.com/bgguna/photography/main.go:57.16,59.3 1 0
github.com/bgguna/photography/main.go:62.2,62.64 1 0
github.com/bgguna/photography/main.go:62.64,64.3 1 0
github.com/bgguna/photography/main.go:67.2,68.16 2 0
github.com/bgguna/photography/main.go:68.16,70.3 1 0
github.com/bgguna/photography/main.go:71.2,83.12 4 0
github.com/bgguna/photography/main.go:83.12,85.80 2 0
github.com/bgguna/photography/main.go:85.80,87.4 1 0
github.com/bgguna/photography/main.go:91.2,101.45 7 0
github.com/bgguna/photography/main.go:101.45,103.3 1 0
github.com/bgguna/photography/main.go:105.2,105.34 1 0
github.com/bgguna/photography/main.go:109.43,110.16 1 1
github.com/bgguna/photography/main.go:110.16,112.3 1 1
github.com/bgguna/photography/main.go:114.2,115.16 2 1
github.com/bgguna/photography/main.go:115.16,117.3 1 1
github.com/bgguna/photography/main.go:119.2,119.19 1 1
github.com/bgguna/photography/main.go:119.19,121.3 1 1
github.com/bgguna/photography/main.go:124.2,125.69 2 1
github.com/bgguna/photography/main.go:125.69,127.3 1 1
github.com/bgguna/photography/main.go:128.2,130.12 2 1
github.com/bgguna/photography/main.go:134.48,143.46 5 1
github.com/bgguna/photography/main.go:143.46,145.3 1 1
github.com/bgguna/photography/main.go:148.2,148.39 1 1
github.com/bgguna/photography/main.go:148.39,150.3 1 1
github.com/bgguna/photography/main.go:152.2,152.55 1 1
github.com/bgguna/photography/main.go:152.55,154.3 1 1
github.com/bgguna/photography/main.go:156.2,156.53 1 1
github.com/bgguna/photography/main.go:156.53,158.3 1 1
github.com/bgguna/photography/main.go:160.2,160.46 1 1
github.com/bgguna/photography/main.go:160.46,162.3 1 1
github.com/bgguna/photography/main.go:164.2,164.47 1 1
github.com/bgguna/photography/main.go:164.47,166.3 1 1
github.com/bgguna/photography/main.go:169.2,170.2 2 1
github.com/bgguna/photography/main.go:170.2,171.44 1 1
github.com/bgguna/photography/main.go:171.44,173.4 1 1
github.com/bgguna/photography/main.go:175.3,175.45 1 1
github.com/bgguna/photography/main.go:175.45,177.4 1 1
github.com/bgguna/photography/main.go:179.3,179.46 1 1
github.com/bgguna/photography/main.go:179.46,181.4 1 1
github.com/bgguna/photography/main.go:183.3,183.38 1 1
github.com/bgguna/photography/main.go:183.38,185.4 1 1
github.com/bgguna/photography/main.go:187.3,187.45 1 1
github.com/bgguna/photography/main.go:187.45,189.4 1 1
github.com/bgguna/photography/main.go:191.3,191.46 1 1
github.com/bgguna/photography/main.go:191.46,193.4 1 1
github.com/bgguna/photography/main.go:195.3,195.55 1 1
github.com/bgguna/photography/main.go:195.55,197.4 1 1
github.com/bgguna/photography/main.go:199.3,199.53 1 1
github.com/bgguna/photography/main.go:199.53,201.4 1 1
github.com/bgguna/photography/main.go:203.3,203.58 1 1
github.com/bgguna/photography/main.go:203.58,205.4 1 1
github.com/bgguna/photography/main.go:207.3,207.57 1 1
github.com/bgguna/photography/main.go:207.57,209.4 1 1
github.com/bgguna/photography/main.go:211.3,211.61 1 1
github.com/bgguna/photography/main.go:211.61,213.4 1 1
github.com/bgguna/photography/main.go:215.3,215.47 1 1
github.com/bgguna/photography/main.go:215.47,217.4 1 1
github.com/bgguna/photography/main.go:220.2,220.15 1 1
github.com/bgguna/photography/main.go:224.42,225.30 1 1
github.com/bgguna/photography/main.go:225.30,237.3 4 1
