mode: set
github.com/bgguna/photography/internal/config/config.go:19.30,29.32 2 1
github.com/bgguna/photography/internal/config/config.go:29.32,31.3 1 1
github.com/bgguna/photography/internal/config/config.go:33.2,33.57 1 1
github.com/bgguna/photography/internal/config/config.go:33.57,35.3 1 1
github.com/bgguna/photography/internal/config/config.go:37.2,37.17 1 1
github.com/bgguna/photography/internal/config/config.go:41.44,42.38 1 1
github.com/bgguna/photography/internal/config/config.go:42.38,44.3 1 1
github.com/bgguna/photography/internal/config/config.go:45.2,45.19 1 1
github.com/bgguna/photography/internal/db/db.go:11.41,13.16 2 0
github.com/bgguna/photography/internal/db/db.go:13.16,15.3 1 0
github.com/bgguna/photography/internal/db/db.go:16.2,16.63 1 0
github.com/bgguna/photography/internal/db/db.go:16.63,18.3 1 0
github.com/bgguna/photography/internal/db/db.go:19.2,19.16 1 0
github.com/bgguna/photography/internal/db/db.go:27.34,29.2 1 0
github.com/bgguna/photography/contact/contact.go:22.46,23.30 1 0
github.com/bgguna/photography/contact/contact.go:23.30,27.17 2 0
github.com/bgguna/photography/contact/contact.go:27.17,31.4 3 0
github.com/bgguna/photography/contact/contact.go:32.3,35.19 3 0
github.com/bgguna/photography/contact/contact.go:35.19,37.111 2 0
github.com/bgguna/photography/contact/contact.go:37.111,41.5 3 0
github.com/bgguna/photography/contact/contact.go:42.4,42.36 1 0
github.com/bgguna/photography/contact/contact.go:45.3,46.34 2 0
github.com/bgguna/photography/contact/contact.go:51.47,52.30 1 0
github.com/bgguna/photography/contact/contact.go:52.30,54.48 2 0
github.com/bgguna/photography/contact/contact.go:54.48,58.4 3 0
github.com/bgguna/photography/contact/contact.go:60.3,65.17 3 0
github.com/bgguna/photography/contact/contact.go:65.17,69.4 3 0
github.com/bgguna/photography/contact/contact.go:71.3,72.52 2 0
github.com/bgguna/photography/main.go:22.13,31.2 4 1
github.com/bgguna/photography/main.go:34.30,36.23 2 1
github.com/bgguna/photography/main.go:36.23,38.3 1 1
github.com/bgguna/photography/main.go:39.2,39.20 1 1
github.com/bgguna/photography/main.go:43.43,44.60 1 1
github.com/bgguna/photography/main.go:44.60,46.3 1 1
github.com/bgguna/photography/main.go:49.13,52.16 2 0
github.com/bgguna/photography/main.go:52.16,54.3 1 0
github.com/bgguna/photography/main.go:57.2,57.64 1 0
github.com/bgguna/photography/main.go:57.64,59.3 1 0
github.com/bgguna/photography/main.go:62.2,63.16 2 0
github.com/bgguna/photography/main.go:63.16,65.3 1 0
github.com/bgguna/photography/main.go:66.2,78.12 4 0
github.com/bgguna/photography/main.go:78.12,80.80 2 0
github.com/bgguna/photography/main.go:80.80,82.4 1 0
github.com/bgguna/photography/main.go:86.2,96.45 7 0
github.com/bgguna/photography/main.go:96.45,98.3 1 0
github.com/bgguna/photography/main.go:100.2,100.34 1 0
github.com/bgguna/photography/main.go:104.43,105.16 1 1
github.com/bgguna/photography/main.go:105.16,107.3 1 1
github.com/bgguna/photography/main.go:109.2,110.16 2 1
github.com/bgguna/photography/main.go:110.16,112.3 1 1
github.com/bgguna/photography/main.go:114.2,114.19 1 1
github.com/bgguna/photography/main.go:114.19,116.3 1 1
github.com/bgguna/photography/main.go:119.2,120.69 2 1
github.com/bgguna/photography/main.go:120.69,122.3 1 1
github.com/bgguna/photography/main.go:123.2,125.12 2 1
github.com/bgguna/photography/main.go:129.48,138.46 5 1
github.com/bgguna/photography/main.go:138.46,140.3 1 1
github.com/bgguna/photography/main.go:143.2,143.39 1 1
github.com/bgguna/photography/main.go:143.39,145.3 1 1
github.com/bgguna/photography/main.go:147.2,147.55 1 1
github.com/bgguna/photography/main.go:147.55,149.3 1 1
github.com/bgguna/photography/main.go:151.2,151.53 1 1
github.com/bgguna/photography/main.go:151.53,153.3 1 1
github.com/bgguna/photography/main.go:155.2,155.46 1 1
github.com/bgguna/photography/main.go:155.46,157.3 1 1
github.com/bgguna/photography/main.go:159.2,159.47 1 1
github.com/bgguna/photography/main.go:159.47,161.3 1 1
github.com/bgguna/photography/main.go:164.2,165.2 2 1
github.com/bgguna/photography/main.go:165.2,166.44 1 1
github.com/bgguna/photography/main.go:166.44,168.4 1 1
github.com/bgguna/photography/main.go:170.3,170.45 1 1
github.com/bgguna/photography/main.go:170.45,172.4 1 1
github.com/bgguna/photography/main.go:174.3,174.46 1 1
github.com/bgguna/photography/main.go:174.46,176.4 1 1
github.com/bgguna/photography/main.go:178.3,178.38 1 1
github.com/bgguna/photography/main.go:178.38,180.4 1 1
github.com/bgguna/photography/main.go:182.3,182.45 1 1
github.com/bgguna/photography/main.go:182.45,184.4 1 1
github.com/bgguna/photography/main.go:186.3,186.46 1 1
github.com/bgguna/photography/main.go:186.46,188.4 1 1
github.com/bgguna/photography/main.go:190.3,190.55 1 1
github.com/bgguna/photography/main.go:190.55,192.4 1 1
github.com/bgguna/photography/main.go:194.3,194.53 1 1
github.com/bgguna/photography/main.go:194.53,196.4 1 1
github.com/bgguna/photography/main.go:198.3,198.58 1 1
github.com/bgguna/photography/main.go:198.58,200.4 1 1
github.com/bgguna/photography/main.go:202.3,202.57 1 1
github.com/bgguna/photography/main.go:202.57,204.4 1 1
github.com/bgguna/photography/main.go:206.3,206.61 1 1
github.com/bgguna/photography/main.go:206.61,208.4 1 1
github.com/bgguna/photography/main.go:210.3,210.47 1 1
github.com/bgguna/photography/main.go:210.47,212.4 1 1
github.com/bgguna/photography/main.go:215.2,215.15 1 1
github.com/bgguna/photography/main.go:219.42,220.30 1 1
github.com/bgguna/photography/main.go:220.30,232.3 4 1
